
> royaltymeds-prescription-platform@1.0.0 build
> next build

   Γû▓ Next.js 15.5.9
   - Environments: .env.local

   Creating an optimized production build ...
 Γ£ô Compiled successfully in 6.9s
   Linting and checking validity of types ...
   Collecting page data ...
   Generating static pages (0/43) ...
   Generating static pages (10/43) 
   Generating static pages (21/43) 
   Generating static pages (32/43) 
 Γ£ô Generating static pages (43/43)
   Finalizing page optimization ...
   Collecting build traces ...

Route (app)                                 Size  First Load JS
Γöî Γùï /                                      205 B         106 kB
Γö£ Γùï /_not-found                             1 kB         103 kB
Γö£ ╞Æ /admin                                 184 B         102 kB
Γö£ Γùï /admin-login                         2.46 kB         158 kB
Γö£ ╞Æ /admin/dashboard                       205 B         106 kB
Γö£ ╞Æ /admin/doctors                       2.52 kB         105 kB
Γö£ ╞Æ /admin/orders                          205 B         106 kB
Γö£ ╞Æ /admin/prescriptions                   205 B         106 kB
Γö£ ╞Æ /admin/refills                         205 B         106 kB
Γö£ ╞Æ /admin/users                         2.98 kB         105 kB
Γö£ ╞Æ /api/admin/create-admin-devtools       184 B         102 kB
Γö£ ╞Æ /api/admin/create-doctor               184 B         102 kB
Γö£ ╞Æ /api/admin/create-user                 184 B         102 kB
Γö£ ╞Æ /api/admin/setup-auth-trigger          184 B         102 kB
Γö£ ╞Æ /api/admin/users                       184 B         102 kB
Γö£ ╞Æ /api/auth/create-profile               184 B         102 kB
Γö£ ╞Æ /api/auth/login                        184 B         102 kB
Γö£ ╞Æ /api/auth/logout                       184 B         102 kB
Γö£ ╞Æ /api/auth/signup                       184 B         102 kB
Γö£ ╞Æ /api/auth/signup-rest                  184 B         102 kB
Γö£ ╞Æ /api/doctor/patients                   184 B         102 kB
Γö£ ╞Æ /api/doctor/prescriptions              184 B         102 kB
Γö£ ╞Æ /api/doctor/prescriptions/[id]         184 B         102 kB
Γö£ ╞Æ /api/doctor/stats                      184 B         102 kB
Γö£ ╞Æ /api/patient/orders                    184 B         102 kB
Γö£ ╞Æ /api/patient/prescriptions             184 B         102 kB
Γö£ ╞Æ /api/setup/create-default-admin        184 B         102 kB
Γö£ ╞Æ /auth/callback                         184 B         102 kB
Γö£ ╞Æ /dashboard                             205 B         106 kB
Γö£ Γùï /devtools                            2.49 kB         105 kB
Γö£ ╞Æ /doctor/dashboard                    2.63 kB         108 kB
Γö£ ╞Æ /doctor/my-prescriptions             2.84 kB         108 kB
Γö£ ╞Æ /doctor/patients                     2.63 kB         108 kB
Γö£ ╞Æ /doctor/submit-prescription          2.86 kB         105 kB
Γö£ Γùï /login                               2.16 kB         158 kB
Γö£ ╞Æ /patient/home                          205 B         106 kB
Γö£ ╞Æ /patient/messages                      184 B         102 kB
Γö£ ╞Æ /patient/orders                        205 B         106 kB
Γö£ ╞Æ /patient/prescriptions               2.76 kB         158 kB
Γö£ ╞Æ /patient/refills                       205 B         106 kB
Γö£ ╞Æ /profile                               205 B         106 kB
Γöö Γùï /signup                              2.55 kB         108 kB
+ First Load JS shared by all             102 kB
  Γö£ chunks/1255-9494d7e861e97d68.js      45.9 kB
  Γö£ chunks/4bd1b696-f785427dddbba9fb.js  54.2 kB
  Γöö other shared chunks (total)             2 kB


╞Æ Middleware                             80.8 kB

Γùï  (Static)   prerendered as static content
╞Æ  (Dynamic)  server-rendered on demand

